2026.06.29 10:02:49 INFO  Started: Metals version 1.6.7 in folders '/Users/saksham/Desktop/Leetcode' for client Visual Studio Code 1.101.2.
2026.06.29 10:02:49 INFO  Memory monitor started
2026.06.29 10:02:49 WARN  Using H2 2.4.240 which is newer than the version Flyway has been verified with. The latest verified version of H2 is 2.3.232.
2026.06.29 10:02:50 INFO  no build target found for /Users/saksham/Desktop/Leetcode/1572.java. Using fallback presentation compiler.
2026.06.29 10:02:50 INFO  no build target found for /Users/saksham/Desktop/Leetcode/1572.java. Using fallback presentation compiler.
2026.06.29 10:02:50 WARN  no build tool detected in workspace '/Users/saksham/Desktop/Leetcode'. The most common cause for this problem is that the editor was opened in the wrong working directory, for example if you use sbt then the workspace directory should contain build.sbt. 
2026.06.29 10:02:50 WARN  Build server is not auto-connectable.
2026.06.29 10:02:50 WARN  no build target for: /Users/saksham/Desktop/Leetcode/1572.java
2026.06.29 10:02:50 INFO  no build target found for /Users/saksham/Desktop/Leetcode/1572.java. Using fallback presentation compiler.
2026.06.29 10:02:50 WARN  no build target for: /Users/saksham/Desktop/Leetcode/1572.java
2026.06.29 10:02:50 INFO  no build target found for /Users/saksham/Desktop/Leetcode/1572.java. Using fallback presentation compiler.
2026.06.29 10:02:51 INFO  no build target found for /Users/saksham/Desktop/Leetcode/1572.java. Using fallback presentation compiler.
2026.06.29 10:02:52 INFO  no build target found for /Users/saksham/Desktop/Leetcode/1572.java. Using fallback presentation compiler.
2026.06.29 10:02:53 INFO  no build target found for /Users/saksham/Desktop/Leetcode/1572.java. Using fallback presentation compiler.
2026.06.29 10:02:54 INFO  no build target found for /Users/saksham/Desktop/Leetcode/1572.java. Using fallback presentation compiler.
2026.06.29 10:02:54 INFO  no build target found for /Users/saksham/Desktop/Leetcode/1572.java. Using fallback presentation compiler.
2026.06.29 10:05:57 INFO  no build target found for /Users/saksham/Desktop/Leetcode/1572.java. Using fallback presentation compiler.
2026.06.29 10:06:26 WARN  no build target for: /Users/saksham/Desktop/Leetcode/1967lc.java
2026.06.29 10:06:26 INFO  no build target found for /Users/saksham/Desktop/Leetcode/1967lc.java. Using fallback presentation compiler.
2026.06.29 10:06:26 WARN  Running javac-semanticdb failed for file:///Users/saksham/Desktop/Leetcode/1967lc.java. Output:

2026.06.29 10:06:27 INFO  no build target found for /Users/saksham/Desktop/Leetcode/1967lc.java. Using fallback presentation compiler.
2026.06.29 10:06:27 INFO  no build target found for /Users/saksham/Desktop/Leetcode/1967lc.java. Using fallback presentation compiler.
2026.06.29 10:06:27 INFO  no build target found for /Users/saksham/Desktop/Leetcode/1967lc.java. Using fallback presentation compiler.
2026.06.29 10:06:28 INFO  no build target found for /Users/saksham/Desktop/Leetcode/1967lc.java. Using fallback presentation compiler.
2026.06.29 10:06:28 WARN  Running javac-semanticdb failed for file:///Users/saksham/Desktop/Leetcode/1967lc.java. Output:

2026.06.29 10:06:28 INFO  no build target found for /Users/saksham/Desktop/Leetcode/1967lc.java. Using fallback presentation compiler.
2026.06.29 10:06:31 INFO  no build target found for /Users/saksham/Desktop/Leetcode/1967lc.java. Using fallback presentation compiler.
2026.06.29 10:06:31 INFO  no build target found for /Users/saksham/Desktop/Leetcode/1967lc.java. Using fallback presentation compiler.
2026.06.29 10:06:32 INFO  no build target found for /Users/saksham/Desktop/Leetcode/1967lc.java. Using fallback presentation compiler.
2026.06.29 10:06:32 WARN  Running javac-semanticdb failed for file:///Users/saksham/Desktop/Leetcode/1967lc.java. Output:

2026.06.29 10:06:32 INFO  no build target found for /Users/saksham/Desktop/Leetcode/1967lc.java. Using fallback presentation compiler.
2026.06.29 10:06:41 INFO  no build target found for /Users/saksham/Desktop/Leetcode/1967lc.java. Using fallback presentation compiler.
2026.06.29 10:06:41 INFO  no build target found for /Users/saksham/Desktop/Leetcode/1967lc.java. Using fallback presentation compiler.
2026.06.29 10:06:41 WARN  Running javac-semanticdb failed for file:///Users/saksham/Desktop/Leetcode/1967lc.java. Output:

2026.06.29 10:06:41 INFO  no build target found for /Users/saksham/Desktop/Leetcode/1967lc.java. Using fallback presentation compiler.
2026.06.29 10:09:25 WARN  no build target for: /Users/saksham/Desktop/Leetcode/1967lc.java
2026.06.29 10:09:25 INFO  no build target found for /Users/saksham/Desktop/Leetcode/1967lc.java. Using fallback presentation compiler.
Jun 29, 2026 10:10:03 AM org.eclipse.lsp4j.jsonrpc.services.GenericEndpoint notify
INFO: Unsupported notification method: $/setTrace
2026.06.29 12:48:51 INFO  no build target found for /Users/saksham/Desktop/Leetcode/1967lc.java. Using fallback presentation compiler.
Jun 29, 2026 12:48:51 PM org.eclipse.lsp4j.jsonrpc.RemoteEndpoint handleCancellation
WARNING: Unmatched cancel notification for request id 68
2026.06.29 12:48:51 INFO  no build target found for /Users/saksham/Desktop/Leetcode/1967lc.java. Using fallback presentation compiler.
2026.06.29 15:59:23 INFO  no build target found for /Users/saksham/Desktop/Leetcode/1967lc.java. Using fallback presentation compiler.
Jun 29, 2026 3:59:23 PM org.eclipse.lsp4j.jsonrpc.RemoteEndpoint handleCancellation
WARNING: Unmatched cancel notification for request id 70
2026.06.29 15:59:23 INFO  no build target found for /Users/saksham/Desktop/Leetcode/1967lc.java. Using fallback presentation compiler.
2026.06.29 16:31:26 INFO  no build target found for /Users/saksham/Desktop/Leetcode/1967lc.java. Using fallback presentation compiler.
2026.06.29 16:31:26 INFO  no build target found for /Users/saksham/Desktop/Leetcode/1967lc.java. Using fallback presentation compiler.
2026.06.29 17:05:37 INFO  no build target found for /Users/saksham/Desktop/Leetcode/1967lc.java. Using fallback presentation compiler.
Jun 29, 2026 5:05:37 PM org.eclipse.lsp4j.jsonrpc.RemoteEndpoint handleCancellation
WARNING: Unmatched cancel notification for request id 74
2026.06.29 17:05:37 INFO  no build target found for /Users/saksham/Desktop/Leetcode/1967lc.java. Using fallback presentation compiler.
2026.06.29 19:47:14 INFO  no build target found for /Users/saksham/Desktop/Leetcode/1967lc.java. Using fallback presentation compiler.
Jun 29, 2026 7:47:15 PM org.eclipse.lsp4j.jsonrpc.RemoteEndpoint handleCancellation
WARNING: Unmatched cancel notification for request id 76
2026.06.29 19:47:14 INFO  no build target found for /Users/saksham/Desktop/Leetcode/1967lc.java. Using fallback presentation compiler.
2026.06.29 19:47:16 INFO  no build target found for /Users/saksham/Desktop/Leetcode/1967lc.java. Using fallback presentation compiler.
2026.06.29 19:47:16 INFO  no build target found for /Users/saksham/Desktop/Leetcode/1967lc.java. Using fallback presentation compiler.
2026.06.29 20:09:52 INFO  no build target found for /Users/saksham/Desktop/Leetcode/1967lc.java. Using fallback presentation compiler.
2026.06.29 20:09:52 INFO  no build target found for /Users/saksham/Desktop/Leetcode/1967lc.java. Using fallback presentation compiler.
2026.06.29 20:27:44 INFO  no build target found for /Users/saksham/Desktop/Leetcode/1967lc.java. Using fallback presentation compiler.
2026.06.29 20:27:44 INFO  no build target found for /Users/saksham/Desktop/Leetcode/1967lc.java. Using fallback presentation compiler.
2026.06.29 22:25:02 INFO  Shutting down server
2026.06.29 22:25:02 INFO  Memory monitor stopped
2026.06.29 22:25:02 INFO  shutting down Metals
2026.06.29 22:25:02 INFO  Exiting server
2026.06.30 09:53:51 INFO  Started: Metals version 1.6.7 in folders '/Users/saksham/Desktop/Leetcode' for client Visual Studio Code 1.101.2.
2026.06.30 09:53:52 INFO  time: initialize in 0.13s
2026.06.30 09:53:52 INFO  Memory monitor started
2026.06.30 09:53:55 WARN  Using H2 2.4.240 which is newer than the version Flyway has been verified with. The latest verified version of H2 is 2.3.232.
2026.06.30 09:53:55 INFO  no build target found for /Users/saksham/Desktop/Leetcode/1967lc.java. Using fallback presentation compiler.
Jun 30, 2026 9:53:56 AM org.eclipse.lsp4j.jsonrpc.RemoteEndpoint handleCancellation
WARNING: Unmatched cancel notification for request id 2
2026.06.30 09:53:55 INFO  no build target found for /Users/saksham/Desktop/Leetcode/1967lc.java. Using fallback presentation compiler.
2026.06.30 09:53:56 WARN  no build tool detected in workspace '/Users/saksham/Desktop/Leetcode'. The most common cause for this problem is that the editor was opened in the wrong working directory, for example if you use sbt then the workspace directory should contain build.sbt. 
2026.06.30 09:53:56 WARN  Build server is not auto-connectable.
2026.06.30 09:53:56 WARN  no build target for: /Users/saksham/Desktop/Leetcode/1967lc.java
2026.06.30 09:53:56 INFO  no build target found for /Users/saksham/Desktop/Leetcode/1967lc.java. Using fallback presentation compiler.
Jun 30, 2026 9:53:56 AM org.eclipse.lsp4j.jsonrpc.RemoteEndpoint handleCancellation
WARNING: Unmatched cancel notification for request id 5
2026.06.30 09:53:56 INFO  no build target found for /Users/saksham/Desktop/Leetcode/1967lc.java. Using fallback presentation compiler.
Jun 30, 2026 9:53:56 AM org.eclipse.lsp4j.jsonrpc.RemoteEndpoint handleCancellation
WARNING: Unmatched cancel notification for request id 7
Jun 30, 2026 9:53:56 AM org.eclipse.lsp4j.jsonrpc.RemoteEndpoint handleCancellation
WARNING: Unmatched cancel notification for request id 1
Jun 30, 2026 9:53:56 AM org.eclipse.lsp4j.jsonrpc.RemoteEndpoint handleCancellation
WARNING: Unmatched cancel notification for request id 6
2026.06.30 09:53:56 INFO  no build target found for /Users/saksham/Desktop/Leetcode/1967lc.java. Using fallback presentation compiler.
Jun 30, 2026 9:53:56 AM org.eclipse.lsp4j.jsonrpc.RemoteEndpoint handleCancellation
WARNING: Unmatched cancel notification for request id 3
Jun 30, 2026 9:53:56 AM org.eclipse.lsp4j.jsonrpc.RemoteEndpoint handleCancellation
WARNING: Unmatched cancel notification for request id 12
Jun 30, 2026 9:53:56 AM org.eclipse.lsp4j.jsonrpc.RemoteEndpoint handleCancellation
WARNING: Unmatched cancel notification for request id 10
2026.06.30 09:53:56 INFO  no build target found for /Users/saksham/Desktop/Leetcode/1967lc.java. Using fallback presentation compiler.
2026.06.30 09:53:56 INFO  no build target found for /Users/saksham/Desktop/Leetcode/1967lc.java. Using fallback presentation compiler.
Jun 30, 2026 9:53:57 AM org.eclipse.lsp4j.jsonrpc.RemoteEndpoint handleCancellation
WARNING: Unmatched cancel notification for request id 18
2026.06.30 09:53:56 INFO  no build target found for /Users/saksham/Desktop/Leetcode/1967lc.java. Using fallback presentation compiler.
Jun 30, 2026 9:53:57 AM org.eclipse.lsp4j.jsonrpc.RemoteEndpoint handleCancellation
WARNING: Unmatched cancel notification for request id 17
2026.06.30 09:53:57 INFO  time: code lens generation in 1.1s
2026.06.30 09:53:59 INFO  no build target found for /Users/saksham/Desktop/Leetcode/1967lc.java. Using fallback presentation compiler.
2026.06.30 09:54:33 WARN  no build target for: /Users/saksham/Desktop/Leetcode/1358lc.java
2026.06.30 09:54:33 INFO  no build target found for /Users/saksham/Desktop/Leetcode/1358lc.java. Using fallback presentation compiler.
2026.06.30 09:54:33 WARN  Running javac-semanticdb failed for file:///Users/saksham/Desktop/Leetcode/1358lc.java. Output:

2026.06.30 09:54:33 INFO  no build target found for /Users/saksham/Desktop/Leetcode/1358lc.java. Using fallback presentation compiler.
2026.06.30 09:54:33 INFO  no build target found for /Users/saksham/Desktop/Leetcode/1358lc.java. Using fallback presentation compiler.
2026.06.30 09:54:33 INFO  no build target found for /Users/saksham/Desktop/Leetcode/1358lc.java. Using fallback presentation compiler.
2026.06.30 09:54:33 WARN  Running javac-semanticdb failed for file:///Users/saksham/Desktop/Leetcode/1358lc.java. Output:

2026.06.30 09:54:33 INFO  no build target found for /Users/saksham/Desktop/Leetcode/1358lc.java. Using fallback presentation compiler.
2026.06.30 09:54:34 WARN  no build target for: /Users/saksham/Desktop/Leetcode/1358lc.java
2026.06.30 09:54:34 INFO  no build target found for /Users/saksham/Desktop/Leetcode/1358lc.java. Using fallback presentation compiler.
2026.06.30 09:54:35 INFO  no build target found for /Users/saksham/Desktop/Leetcode/1358lc.java. Using fallback presentation compiler.
2026.06.30 09:54:35 INFO  no build target found for /Users/saksham/Desktop/Leetcode/1358lc.java. Using fallback presentation compiler.
2026.06.30 09:54:35 WARN  Running javac-semanticdb failed for file:///Users/saksham/Desktop/Leetcode/1358lc.java. Output:

2026.06.30 09:54:35 INFO  no build target found for /Users/saksham/Desktop/Leetcode/1358lc.java. Using fallback presentation compiler.
2026.06.30 09:54:35 INFO  no build target found for /Users/saksham/Desktop/Leetcode/1358lc.java. Using fallback presentation compiler.
2026.06.30 09:54:35 INFO  no build target found for /Users/saksham/Desktop/Leetcode/1358lc.java. Using fallback presentation compiler.
2026.06.30 09:54:35 WARN  Running javac-semanticdb failed for file:///Users/saksham/Desktop/Leetcode/1358lc.java. Output:

2026.06.30 09:54:36 INFO  no build target found for /Users/saksham/Desktop/Leetcode/1358lc.java. Using fallback presentation compiler.
2026.06.30 09:54:36 INFO  no build target found for /Users/saksham/Desktop/Leetcode/1358lc.java. Using fallback presentation compiler.
2026.06.30 09:54:37 WARN  no build target for: /Users/saksham/Desktop/Leetcode/1358lc.java
2026.06.30 09:54:37 INFO  no build target found for /Users/saksham/Desktop/Leetcode/1358lc.java. Using fallback presentation compiler.
